[www.techfest.org/index.html]
[backblue.gif]
[fade.gif]
[index.html]
[www.techfest.org/css/main.css]
[ajax.googleapis.com/ajax/libs/jquery/1.12.4/jquery.min.js]
[www.techfest.org/css/ticker-style.css]
[www.google-analytics.com/analytics.js]
[www.techfest.org/img/loading-sponsor.png]
[www.techfest.org/img/homelogo.png]
[www.techfest.org/initiatives.html]
[www.techfest.org/img/initiativeslogo.png]
[www.techfest.org/ideate.html]
[www.techfest.org/img/ideatelogo.png]
[www.techfest.org/summit.html]
[www.techfest.org/img/summit_hb.png]
[www.techfest.org/competitions.html]
[www.techfest.org/img/compilogo.png]
[www.techfest.org/workshops.html]
[www.techfest.org/img/workshopslogo.png]
[www.techfest.org/lectures.html]
[www.techfest.org/img/lectureslogo.png]
[www.techfest.org/exhibitions.html]
[www.techfest.org/img/exhilogo.png]
[www.techfest.org/img/munlogo.png]
[www.techfest.org/technoholix.html]
[www.techfest.org/img/techxlogo.png]
[www.techfest.org/ozone.html]
[www.techfest.org/img/ozonelogo.png]
[www.techfest.org/cured/index.html]
[www.techfest.org/savethesouls/index.html]
[www.techfest.org/iampower/index.html]
[www.techfest.org/scc.html]
[www.techfest.org/img/center.png]
[www.techfest.org/img/logo-new.png]
[www.techfest.org/img/topufo.png]
[www.techfest.org/img/schedule.pdf]
[www.techfest.org/img/planets/1.png]
[www.techfest.org/img/extras/comet.png]
[www.techfest.org/img/extras/warship.png]
[www.techfest.org/img/planets/7.png]
[www.techfest.org/img/extras/astronaut.png]
[www.techfest.org/img/planets/8.png]
[www.techfest.org/img/extras/asteroid.gif]
[www.techfest.org/img/planets/4.png]
[www.techfest.org/img/planets/6.png]
[www.techfest.org/img/extras/enterpreneur.png]
[www.techfest.org/img/planets/5.png]
[www.techfest.org/img/extras/satellite.png]
[www.techfest.org/img/ufo.png]
[www.techfest.org/aboutus.html]
[www.techfest.org/media.html]
[www.techfest.org/hospitality.html]
[www.techfest.org/privacypolicy.html]
[www.techfest.org/sponsors.html]
[www.techfest.org/contactus.html]
[www.techfest.org/js/skrollr.min.js]
[www.techfest.org/js/jquery.ticker.js]
[www.techfest.org/js/skrollr.menu.js]
[www.techfest.org/index.html]
[www.techfest.org/fonts/goodtimesrg-regular-webfont.woff]
[www.techfest.org/img/homebackground.jpg]
[www.techfest.org/css/main.css]
[www.techfest.org/css/ticker-style.css]
[www.techfest.org/css/compi_large.css]
[maxcdn.bootstrapcdn.com/bootstrap/3.3.6/css/bootstrap.min.css]
[www.techfest.org/css/compi_medium.css]
[www.techfest.org/css/jquery.mCustomScrollbar.css]
[maxcdn.bootstrapcdn.com/bootstrap/3.3.6/js/bootstrap.min.js]
[www.techfest.org/js/jquery.mCustomScrollbar.concat.min.js]
[www.techfest.org/img/logo.png]
[www.techfest.org/img/tplanet.png]
[www.techfest.org/img/cured.jpg]
[www.techfest.org/img/savethesouls.jpg]
[www.techfest.org/img/stem.jpg]
[www.techfest.org/img/mii.jpg]
[www.techfest.org/twmun.html]
[www.techfest.org/img/mun.jpg]
[www.techfest.org/initiatives.html]
[www.techfest.org/register/iot.html]
[www.techfest.org/resource/IoT.pdf]
[www.techfest.org/img/competitions/iot4.jpg]
[www.techfest.org/img/competitions/women.jpg]
[www.techfest.org/register/saksham.html]
[www.techfest.org/resource/Saksham.pdf]
[www.techfest.org/register/innovation.html]
[www.techfest.org/resource/innovation.pdf]
[www.techfest.org/img/competitions/tic.jpg]
[www.techfest.org/img/competitions/landtw.png]
[www.techfest.org/img/competitions/iot2.jpg]
[www.techfest.org/img/cup.png]
[www.techfest.org/img/competitions/women-explore.jpg]
[www.techfest.org/img/competitions/tribe.jpg]
[www.techfest.org/img/sponsors/hp.png]
[www.techfest.org/img/sponsors/ntpc.jpg]
[www.techfest.org/ideate.html]
[www.techfest.org/summit_assets/img/thumbnail.jpg]
[www.techfest.org/summit_assets/img/summit_favicon.png]
[www.techfest.org/summit_assets/css/bootstrap.min.css]
[www.techfest.org/summit_assets/css/font-awesome.min.css]
[www.techfest.org/summit_assets/css/superslides.css]
[www.techfest.org/summit_assets/css/slick.css]
[www.techfest.org/summit_assets/css/animate.css]
[www.techfest.org/summit_assets/css/elastic_grid.css]
[www.techfest.org/summit_assets/css/jquery.circliful.css]
[www.techfest.org/summit_assets/css/themes/default-theme.css]
[www.techfest.org/summit_assets/css/style.css]
[www.techfest.org/summit_assets/img/summit_logo.png]
[www.techfest.org/summit_assets/img/full-slider/summit_cover2.jpg]
[www.techfest.org/summit_assets/img/speakers/jeff.jpg]
[www.techfest.org/summit_assets/img/speakers/anjali.jpg]
[www.techfest.org/summit_assets/img/speakers/vidya.png]
[www.techfest.org/summit_assets/img/speakers/sonam.png]
[www.techfest.org/summit_assets/img/speakers/karthik.jpg]
[www.techfest.org/summit_assets/img/speakers/kaustubh.png]
[www.techfest.org/summit_assets/img/speakers/tushir.jpg]
[www.techfest.org/summit_assets/img/speakers/hamid.jpg]
[www.techfest.org/summit_assets/img/speakers/goldee.jpg]
[www.techfest.org/summit_assets/img/IoTWorkShop_IBM.pdf]
[www.techfest.org/summit_assets/img/workshop.gif]
[www.techfest.org/summit_assets/img/sponsors/ansys.jpg]
[www.techfest.org/summit_assets/img/sponsors/ibm.jpg]
[www.techfest.org/summit_assets/img/sponsors/virtusa.png]
[www.techfest.org/summit_assets/img/sponsors/oracle.jpg]
[www.techfest.org/summit_assets/img/sponsors/sap.jpg]
[www.techfest.org/summit_assets/js/jquery.easing.min.js]
[www.techfest.org/summit_assets/js/jquery.ui.map.js]
[www.techfest.org/summit_assets/js/wow.min.js]
[www.techfest.org/summit_assets/js/bootstrap.min.js]
[www.techfest.org/summit_assets/js/jquery.superslides.min.js]
[www.techfest.org/summit_assets/js/slick.min.js]
[www.techfest.org/summit_assets/js/jquery.circliful.min.js]
[www.techfest.org/summit_assets/js/modernizr.custom.js]
[www.techfest.org/summit_assets/js/classie.js]
[www.techfest.org/summit_assets/js/jquery.easytabs.min.js]
[www.techfest.org/summit_assets/js/elastic_grid.min.js]
[www.techfest.org/summit_assets/js/custom.js]
[www.techfest.org/summit.html]
[www.techfest.org/img/competitions/technorio3.jpg]
[www.techfest.org/technorion.html]
[www.techfest.org/img/intl_challenge.png]
[www.techfest.org/img/competitions/tata_front.jpg]
[www.techfest.org/img/competitions/xtreme.jpg]
[www.techfest.org/img/competitions/compi2.jpg]
[www.techfest.org/img/competitions/dimensions.jpg]
[www.techfest.org/img/competitions/airplane.jpg]
[www.techfest.org/img/competitions/spectechale.jpg]
[techfest.org/img/sponsors/17/robovr.jpg]
[www.techfest.org/img/competitions/mesh.jpg]
[www.techfest.org/resource/Mesh_Flare_Wildcard.pdf]
[www.techfest.org/resource/Mesh_Flare_Finale.pdf]
[www.techfest.org/register/meshflare.html]
[www.techfest.org/resources/rb_sl.pdf]
[www.techfest.org/resource/Security_Letter.pdf]
[www.techfest.org/img/sponsors/qube.png]
[www.techfest.org/img/sponsors/harisson.jpg]
[www.techfest.org/img/sponsors/robovr.png]
[www.techfest.org/resource/Robowars.pdf]
[www.techfest.org/register/robowars.html]
[www.techfest.org/img/competitions/irc_Structure.jpg]
[www.techfest.org/img/sponsors/17/npav1.jpg]
[www.techfest.org/resource/IRC_Zonals.pdf]
[www.techfest.org/register/ircindia.html]
[www.techfest.org/register/ircopen.html]
[www.techfest.org/img/competitions/galactic-trooper.jpg]
[www.techfest.org/resource/WildCard-GalacticTrooper.pdf]
[www.techfest.org/resource/Finale-GalacticTrooper.pdf]
[www.techfest.org/register/galactictrooper.html]
[www.techfest.org/img/competitions/smart.jpg]
[www.techfest.org/img/competitions/quantum-coding.jpg]
[www.techfest.org/register/quantumcode.html]
[www.techfest.org/img/competitions/proteandrone.jpg]
[www.techfest.org/resource/TataPioneersMakerthon.pdf]
[www.techfest.org/register/uavchallenge.html]
[www.techfest.org/img/competitions/pest.jpg]
[www.techfest.org/resource/TataPioneersMakerthon-02.pdf]
[www.techfest.org/register/spraychallenge.html]
[www.techfest.org/img/sponsors/16/morningstar.png]
[www.techfest.org/img/competitions/safran-f.png]
[www.techfest.org/img/sponsors/16/pitneybowes.png]
[www.techfest.org/register/ticc.html]
[www.techfest.org/resource/Resemblance.zip]
[www.techfest.org/img/competitions/Classify.png]
[www.techfest.org/resource/Resemblance.pdf]
[www.techfest.org/register/resemblance.html]
[techfest.org/img/competitions/robomate.png]
[www.techfest.org/img/competitions/generex1.jpg]
[www.techfest.org/resource/Generex.pdf]
[www.techfest.org/register/generex.html]
[www.techfest.org/img/sponsors/17/mahindra2.jpg]
[www.techfest.org/resource/Full_Throttle.pdf]
[www.techfest.org/register/fullthrottle.html]
[www.techfest.org/img/competitions/Habitat.jpg]
[www.techfest.org/resource/Colonize.pdf]
[www.techfest.org/register/colonize.html]
[www.techfest.org/resource/Imitation-Game-Football.zip]
[www.techfest.org/resource/Imitation-Game-Cricket.zip]
[www.techfest.org/img/competitions/sports.jpg]
[www.techfest.org/resource/ImitationGame.pdf]
[www.techfest.org/register/imitationgame.html]
[www.techfest.org/img/competitions/boeing.jpg]
[www.techfest.org/img/competitions/topgun1.jpg]
[www.techfest.org/resource/Boeing.pdf]
[www.techfest.org/register/boeing.html]
[www.techfest.org/img/competitions/submerge.jpg]
[www.techfest.org/resource/Submerge.pdf]
[www.techfest.org/register/submerge.html]
[www.techfest.org/img/competitions/chimney.jpg]
[www.techfest.org/resource/Skyscraper.pdf]
[www.techfest.org/register/skyscraper.html]
[www.techfest.org/img/competitions/charge.jpg]
[www.techfest.org/resource/Energon.pdf]
[www.techfest.org/register/energon.html]
[www.techfest.org/img/sponsors/17/airbus.jpg]
[www.techfest.org/competitions.html]
[www.techfest.org/workshops.html]
[www.techfest.org/lectures.html]
[www.techfest.org/exhibitions.html]
[www.techfest.org/technoholix.html]
[www.techfest.org/ozone.html]
[www.techfest.org/cured/index.html]
[www.techfest.org/savethesouls/index.html]
[www.techfest.org/iampower/index.html]
[www.techfest.org/scc.html]
[www.techfest.org/aboutus.html]
[www.techfest.org/media.html]
[www.techfest.org/hospitality.html]
[www.techfest.org/privacypolicy.html]
[www.techfest.org/sponsors.html]
[www.techfest.org/contactus.html]
[www.techfest.org/img/icons/fb.svg]
[www.techfest.org/img/icons/twitter.svg]
[www.techfest.org/img/icons/youtube.svg]
[www.techfest.org/img/icons/insta.svg]
[www.techfest.org/img/icons/linkedin.svg]
[www.techfest.org/fonts/goodtimesrg-regular-webfont.html]
[www.techfest.org/fonts/SFGrandezza-Heavy.html]
[www.techfest.org/images/controls.html]
[maxcdn.bootstrapcdn.com/bootstrap/3.3.6/css/bootstrap.min.css]
[www.techfest.org/css/compi_large.css]
[www.techfest.org/css/compi_medium.css]
[www.techfest.org/css/jquery.mCustomScrollbar.css]
[www.techfest.org/twmun.html]
[www.techfest.org/register/iot.html]
[www.techfest.org/register/saksham.html]
[www.techfest.org/register/innovation.html]
[www.techfest.org/summit_assets/css/bootstrap.min.css]
[www.techfest.org/summit_assets/css/font-awesome.min.css]
[www.techfest.org/summit_assets/css/superslides.css]
[www.techfest.org/summit_assets/css/slick.css]
[www.techfest.org/summit_assets/css/animate.css]
[www.techfest.org/summit_assets/css/elastic_grid.css]
[www.techfest.org/summit_assets/css/jquery.circliful.css]
[www.techfest.org/summit_assets/css/themes/default-theme.css]
[www.techfest.org/summit_assets/css/style.css]
[www.techfest.org/technorion.html]
[www.techfest.org/register/meshflare.html]
[www.techfest.org/archives/tf13/resources/ps/Robowars/Introduction.html]
[www.techfest.org/archives/tf13/resources/ps/Robowars/Design Fundamentals.html]
[www.techfest.org/archives/tf13/resources/ps/Robowars/Materials.html]
[www.techfest.org/archives/tf13/resources/ps/Robowars/Joining elements.html]
[www.techfest.org/archives/tf13/resources/ps/Robowars/Motors and Transmissions.html]
[www.techfest.org/archives/tf13/resources/ps/Robowars/Weapons.html]
[www.techfest.org/archives/tf13/resources/ps/Robowars/Electronics.html]
[www.techfest.org/archives/tf13/resources/ps/Robowars/Batteries.html]
[www.techfest.org/archives/tf13/resources/ps/Robowars/Combat Events.html]
[www.techfest.org/archives/tf13/resources/ps/Robowars/riobotz_combot_tutorial.html]
[www.techfest.org/archives/tf13/resources/ps/Robowars/Parts of a Combat Robot.html]
[www.techfest.org/register/robowars.html]
[www.techfest.org/register/ircindia.html]
[www.techfest.org/register/ircopen.html]
[www.techfest.org/register/galactictrooper.html]
[www.techfest.org/register/quantumcode.html]
[www.techfest.org/register/uavchallenge.html]
[www.techfest.org/register/spraychallenge.html]
[www.techfest.org/register/ticc.html]
[www.techfest.org/register/resemblance.html]
[www.techfest.org/register/generex.html]
[www.techfest.org/register/fullthrottle.html]
[www.techfest.org/register/colonize.html]
[www.techfest.org/register/imitationgame.html]
[www.techfest.org/register/boeing.html]
[www.techfest.org/register/submerge.html]
[www.techfest.org/register/skyscraper.html]
[www.techfest.org/register/energon.html]
[www.techfest.org/resource/Resemblance.zip]
[www.techfest.org/resource/Submerge.pdf]
[www.techfest.org/img/sponsors/17/airbus.jpg]
[www.techfest.org/resource/Skylark.pdf]
[www.techfest.org/register/skylark]
[www.techfest.org/workshops#tuav]
[www.techfest.org/hcp]
[www.techfest.org/dir]
[www.techfest.org/embeddedsystems]
[www.techfest.org/fitnessband]
[www.techfest.org/aad]
[www.techfest.org/webench]
[www.techfest.org/haptics]
[www.techfest.org/sixthsense]
[www.techfest.org/swarmrobotics]
[www.techfest.org/amiet]
[www.techfest.org/cmd]
[www.techfest.org/solarizer]
[www.techfest.org/bigdata]
[www.techfest.org/cyberforensics]
[www.techfest.org/roboexpedition]
[www.techfest.org/zeb]
[www.techfest.org/wmg]
[www.techfest.org/iot]
[www.techfest.org/saksham]
[www.techfest.org/innovation]
[www.techfest.org/meshflare]
[www.techfest.org/galactictrooper]
[www.techfest.org/quantumcode]
[www.techfest.org/uavchallenge]
[www.techfest.org/spraychallenge]
[www.techfest.org/fullthrottle]
[www.techfest.org/submerge]
[www.techfest.org/skylark]
[www.techfest.org/boeing]
[www.techfest.org/resemblance]
[www.techfest.org/generex]
[www.techfest.org/energon]
[www.techfest.org/skyscraper]
[www.techfest.org/colonize]
[www.techfest.org/icc]
[www.techfest.org/irc]
[www.techfest.org/robowars]
[www.techfest.org/competitions.jpg]
[www.techfest.org/summit/register]
[www.techfest.org/img/workshops/summitwp.jpg]
[www.techfest.org/img/workshops/hcp.jpg]
[www.techfest.org/workshops/register/hcp]
[www.techfest.org/pdf_workshops/hcp.pdf]
[www.techfest.org/workshops/register/dir]
[www.techfest.org/pdf_workshops/dir.pdf]
[www.techfest.org/img/workshops/dir.jpg]
[www.techfest.org/img/workshops/bigdo.jpg]
[www.techfest.org/pdf_workshops/bdah.pdf]
[www.techfest.org/pdf_workshops/fb.pdf]
[www.techfest.org/img/workshops/fitnessband.jpg]
[www.techfest.org/img/workshops/swarmroboticsf.jpg]
[www.techfest.org/pdf_workshops/sr.pdf]
[www.techfest.org/img/workshops/esf.jpg]
[www.techfest.org/pdf_workshops/es.pdf]
[www.techfest.org/pdf_workshops/cf.pdf]
[www.techfest.org/img/workshops/cfo.jpg]
[www.techfest.org/img/workshops/cpd.jpg]
[www.techfest.org/workshops/register/cmd]
[www.techfest.org/pdf_workshops/cpmad.pdf]
[www.techfest.org/pdf_workshops/zeb.pdf]
[www.techfest.org/img/workshops/zeb.jpg]
[www.techfest.org/img/workshops/appo.jpg]
[www.techfest.org/pdf_workshops/aad.pdf]
[www.techfest.org/pdf_workshops/amiet.pdf]
[www.techfest.org/img/workshops/autoo.jpg]
[www.techfest.org/img/workshops/hraf.jpg]
[www.techfest.org/pdf_workshops/hra.pdf]
[www.techfest.org/pdf_workshops/tuav.pdf]
[www.techfest.org/img/workshops/tuavo.jpg]
[www.techfest.org/img/workshops/roboo.jpg]
[www.techfest.org/pdf_workshops/r.pdf]
[www.techfest.org/pdf_workshops/s.pdf]
[www.techfest.org/img/workshops/solo.jpg]
[www.techfest.org/img/workshops/wmgf.jpg]
[www.techfest.org/pdf_workshops/wmg.pdf]
[www.techfest.org/pdf_workshops/sst.pdf]
[www.techfest.org/img/workshops/sixo.jpg]
[www.techfest.org/img/workshops/tuavi.jpg]
[www.techfest.org/img/workshops/sc1i.jpg]
[www.techfest.org/img/workshops/sc2o.jpg]
[www.techfest.org/img/workshops/ti.jpg]
[www.techfest.org/img/workshops/hrai.jpg]
[www.techfest.org/img/workshops/6si.jpg]
[www.techfest.org/img/workshops/swri.png]
[www.techfest.org/img/workshops/fitbi.jpg]
[www.techfest.org/img/workshops/androidapp.jpg]
[www.techfest.org/img/workshops/automobiles.jpg]
[www.techfest.org/workshops/register/amiet2]
[www.techfest.org/img/workshops/cpd12.png]
[www.techfest.org/img/workshops/soli.png]
[www.techfest.org/workshops/register/solarizer2]
[www.techfest.org/img/workshops/bigdi.png]
[www.techfest.org/workshops/register/bigdata]
[www.techfest.org/img/workshops/cfi.jpg]
[www.techfest.org/workshops/register/cyberforensics]
[www.techfest.org/img/workshops/roboi.png]
[www.techfest.org/img/workshops/nzebi.jpg]
[www.techfest.org/img/workshops/financial.jpg]
[www.techfest.org/img/workshops/fpi.png]
[www.techfest.org/img/sponsors/16/creativeland.jpg]
[www.techfest.org/img/lectures/Rakesh-Sharma.jpg]
[www.techfest.org/img/lectures/ravi1.jpg]
[www.techfest.org/img/lectures/sharmilatagore.jpg]
[www.techfest.org/img/lectures/peteratkins.jpg]
[www.techfest.org/img/lectures/Bruce-Allen-LIGO.jpg]
[www.techfest.org/img/lectures/kmcherian1.jpg]
[www.techfest.org/img/lectures/markpapermaster.jpg]
[www.techfest.org/img/lectures/henryschafer.jpg]
[www.techfest.org/img/lectures/salilshetty.jpg]
[www.techfest.org/img/lectures/jeffdemain.jpg]
[www.techfest.org/img/lectures/A-S-Kiran-Kumar.jpg]
[www.techfest.org/img/lectures/Deepali-Pant-Joshi.jpg]
[www.techfest.org/img/lectures/Henry-Throop.jpg]
[www.techfest.org/img/lectures/kaushik.jpg]
[www.techfest.org/img/lectures/Guenakh_Mitselmakher.jpg]
[www.techfest.org/img/lectures/Gordon-Gill.jpg]
[www.techfest.org/img/lectures/Abhas-Mitra.jpg]
[www.techfest.org/img/lectures/Shamit-Kachru.jpg]
[www.techfest.org/img/lectures/Bedabrata-Pain.jpg]
[www.techfest.org/img/lectures/David-Baker.jpg]
[www.techfest.org/img/lectures/ligo_conclave.jpg]
[www.techfest.org/img/lectures/rajesh-r.png]
[www.techfest.org/img/lectures/r-c-lodha.jpg]
[www.techfest.org/img/lectures/sudhir-khot.jpg]
[www.techfest.org/img/lectures/yogesh-s.png]
[www.techfest.org/img/lectures/ravi.jpg]
[www.techfest.org/img/lectures/mukesh.png]
[www.techfest.org/img/lectures/ligo.png]
[www.techfest.org/img/lectures/mii.png]
[www.techfest.org/img/hospi_thumbnail.jpg]
[www.techfest.org/css/adminpage.css]
[www.techfest.org/img/events/exhi3.jpg]
[www.techfest.org/img/events/techx4.jpg]
[www.techfest.org/img/sponsors/17/mcent2.png]
[www.techfest.org/img/events/ozone.jpg]
[www.techfest.org/cured/images/diabetes1.jpg]
[www.techfest.org/cured/css/bootstrap.min.css]
[www.techfest.org/cured/css/font-awesome.min.css]
[www.techfest.org/cured/css/lineicons.css]
[www.techfest.org/cured/css/isotope.css]
[www.techfest.org/cured/css/storm.css]
[www.techfest.org/cured/js/owl-carousel/owl.carousel.css]
[www.techfest.org/cured/js/owl-carousel/owl.theme.css]
[www.techfest.org/cured/js/owl-carousel/owl.transitions.css]
[www.techfest.org/cured/css/YTPlayer.css]
[www.techfest.org/cured/css/main.css]
[www.techfest.org/cured/css/owl.carousel.css]
[www.techfest.org/cured/css/owl.theme.css]
[www.techfest.org/cured/pin.png]
[www.techfest.org/cured/images/cured_logo.png]
[www.techfest.org/cured/images/cycling.jpg]
[www.techfest.org/cured/images/diabetes3.jpg]
[www.techfest.org/cured/images/panel11.png]
[www.techfest.org/cured/images/panel.png]
[www.techfest.org/cured/images/camp.jpg]
[www.techfest.org/cured/images/doodle.jpg]
[www.techfest.org/cured/images/cyclothon.jpg]
[www.techfest.org/cyclothon/index.html]
[www.techfest.org/cured/images/rotary.png]
[www.techfest.org/cured/images/gadge.png]
[www.techfest.org/cured/images/1mg.png]
[www.techfest.org/cured/images/mittal.jpg]
[www.techfest.org/cured/images/mahi.jpg]
[www.techfest.org/cured/images/mumbaimetro.jpg]
[www.techfest.org/cured/images/airport.jpg]
[www.techfest.org/cured/images/orion2.jpg]
[www.techfest.org/cured/images/CCF Logo.jpg]
[www.techfest.org/cured/images/Aashirvaad.jpg]
[www.techfest.org/cured/images/Axiom.jpg]
[www.techfest.org/cured/images/Boehringer.png]
[www.techfest.org/cured/images/aditya.jpg]
[www.techfest.org/cured/images/research.png]
[www.techfest.org/cured/images/SD.jpg]
[www.techfest.org/cured/images/iitbsports.png]
[www.techfest.org/cured/images/cyclingclub.png]
[www.techfest.org/cured/images/cbi.jpg]
[www.techfest.org/cured/images/rotoract.png]
[www.techfest.org/cured/images/upasana.png]
[www.techfest.org/cured/images/doycare.jpg]
[www.techfest.org/cured/images/abha1.jpg]
[www.techfest.org/cured/images/thyro.png]
[www.techfest.org/cured/images/lic.jpg]
[www.techfest.org/cured/js/modernizr.custom.js]
[www.techfest.org/cured/js/jquery.js]
[www.techfest.org/cured/js/jquery.idTabs.min.js]
[www.techfest.org/cured/js/tweetie.min.js]
[www.techfest.org/cured/js/classie.js]
[www.techfest.org/cured/js/pathLoader.js]
[www.techfest.org/cured/js/gmaps.js]
[www.techfest.org/cured/js/owl-carousel/owl.carousel.min.js]
[www.techfest.org/cured/js/isotope.pkgd.min.js]
[www.techfest.org/cured/js/jquery.inview.js]
[www.techfest.org/cured/js/waypoints.min.js]
[www.techfest.org/cured/js/jquery.counterup.min.js]
[www.techfest.org/cured/js/jquery.nav.js]
[www.techfest.org/cured/js/jquery.magnific-popup.min.js]
[www.techfest.org/cured/js/jquery.mb.YTPlayer.js]
[www.techfest.org/cured/js/jquery.form.js]
[www.techfest.org/cured/js/jquery.validate.js]
[www.techfest.org/cured/js/bootstrap.min.js]
[www.techfest.org/cured/js/default.js]
[www.techfest.org/cured/js/plugins.js]
[www.techfest.org/img/pic3.jpg]
[www.techfest.org/savethesouls/vendor/bootstrap/css/bootstrap.min.css]
[www.techfest.org/savethesouls/assets/css/animate-custom.css]
[www.techfest.org/savethesouls/css/animate.css]
[www.techfest.org/savethesouls/vendor/font-awesome/css/font-awesome.min.css]
[www.techfest.org/savethesouls/vendor/magnific-popup/magnific-popup.css]
[www.techfest.org/savethesouls/css/creative.min.css]
[ajax.googleapis.com/ajax/libs/jquery/1.12.2/jquery.min.js]
[www.techfest.org/savethesouls/js/wow.min.js]
[www.techfest.org/savethesouls/joinus.html]
[www.techfest.org/savethesouls/STS.png]
[www.techfest.org/savethesouls/img/sts_logo.png]
[www.techfest.org/savethesouls/img/savethesouls.PDF]
[d18kwxxua7ik1y.cloudfront.net/product/embeds/v1/change-embeds.js]
[www.techfest.org/savethesouls/img/pic1.jpg]
[www.techfest.org/savethesouls/img/pic2.jpg]
[www.techfest.org/savethesouls/img/pic3.jpg]
[www.techfest.org/savethesouls/img/ubi.jpg]
[www.techfest.org/savethesouls/download.jpe]
[www.techfest.org/savethesouls/download (1).jpe]
[www.techfest.org/savethesouls/a.png]
[www.techfest.org/savethesouls/Proudly Sponsored by 1.png]
[www.techfest.org/savethesouls/Proudly Sponsored by 2.png]
[techfest.org/img/sponsors/17/himalaya.jpg]
[www.techfest.org/savethesouls/img/anju.jpg]
[www.techfest.org/savethesouls/img/gautamgrover.jpg]
[www.techfest.org/savethesouls/vendor/jquery/jquery.min.js]
[www.techfest.org/savethesouls/vendor/bootstrap/js/bootstrap.min.js]
[cdnjs.cloudflare.com/ajax/libs/jquery-easing/1.3/jquery.easing.min.js]
[www.techfest.org/savethesouls/vendor/scrollreveal/scrollreveal.min.js]
[www.techfest.org/savethesouls/vendor/magnific-popup/jquery.magnific-popup.min.js]
[www.techfest.org/savethesouls/assets/js/wow.min.js]
[www.techfest.org/savethesouls/js/creative.min.js]
[www.techfest.org/iampower/images/thumbnail1.jpg]
[www.techfest.org/iampower/css/bootstrap.min.css]
[www.techfest.org/iampower/css/font-awesome.min.css]
[www.techfest.org/iampower/css/etlinefont.css]
[www.techfest.org/iampower/css/flexslider.css]
[www.techfest.org/iampower/css/owl.carousel.css]
[www.techfest.org/iampower/css/owl.theme.css]
[www.techfest.org/iampower/css/animate.css]
[www.techfest.org/iampower/css/style.css]
[www.techfest.org/iampower/js/scrollIt.min.js]
[www.techfest.org/iampower/images/logo.png]
[www.techfest.org/iampower/images/bg/w3.jpg]
[www.techfest.org/iampower/images/bg/w1.jpg]
[www.techfest.org/iampower/images/bg/w5.jpg]
[www.techfest.org/iampower/images/bg/w4.jpg]
[www.techfest.org/iampower/images/iampower_logo.png]
[www.techfest.org/iampower/images/women_in_stem.jpg]
[www.techfest.org/iampower/images/bulb.png]
[www.techfest.org/iampower/images/summit.png]
[www.techfest.org/iampower/images/code.png]
[www.techfest.org/iampower/images/saksham.jpg]
[www.techfest.org/iampower/images/summit.jpg]
[www.techfest.org/iampower/images/logos/acm.png]
[www.techfest.org/iampower/images/logos/womansers Logo.png]
[www.techfest.org/iampower/images/Air_India_Logo.png]
[www.techfest.org/iampower/images/himalaya.jpg]
[www.techfest.org/iampower/images/logos/Confess logo.png]
[www.techfest.org/iampower/images/logos/cbi.jpg]
[www.techfest.org/iampower/images/logos/pycon.png]
[www.techfest.org/iampower/images/logos/pssi.png]
[www.techfest.org/iampower/images/logos/pythonexpress.png]
[www.techfest.org/iampower/images/logos/doycare3.png]
[www.techfest.org/iampower/js/jquery.min.js]
[www.techfest.org/iampower/js/jquery.easing.min.js]
[www.techfest.org/iampower/js/bootstrap.min.js]
[www.techfest.org/iampower/js/flexslider.js]
[www.techfest.org/iampower/js/owl.carousel.js]
[www.techfest.org/iampower/js/jquery.appear.js]
[www.techfest.org/iampower/js/mixitup.js]
[www.techfest.org/iampower/js/jquery.parallax-1.1.3.js]
[www.techfest.org/iampower/js/jquery.animateNumber.min.js]
[www.techfest.org/iampower/js/jquery.easytabs.min.js]
[www.techfest.org/iampower/js/jquery.easypiechart.js]
[www.techfest.org/iampower/js/jquery.ajaxchimp.min.js]
[www.techfest.org/iampower/js/jqBootstrapValidation.js]
[www.techfest.org/iampower/js/contact_me.js]
[www.techfest.org/iampower/js/main.js]
[www.techfest.org/img/issc/penguin.jpg]
[www.techfest.org/img/issc/syncthread.jpg]
[www.techfest.org/img/issc/hpc.jpg]
[www.techfest.org/img/issc/mellanox.jpg]
[www.techfest.org/img/issc/intel.jpg]
[www.techfest.org/img/issc/amd.jpg]
[www.techfest.org/img/issc/nividia.jpg]
[www.techfest.org/img/issc/arm.jpg]
[www.techfest.org/img/competitions/scc_pic.jpg]
[www.techfest.org/thumbnail.jpg]
[www.techfest.org/public/fonts/GoodTimesRg-Regular.ttf]
[www.techfest.org/img/adminbackground.jpg]
[www.techfest.org/national/Afternoon_Mumbai_P-2_29-12-15.jpg]
[www.techfest.org/national/Current Affairs.png]
[www.techfest.org/national/Deccan Herald 19 July Page 9.jpg]
[www.techfest.org/national/Dna_Mumbai_P-4_27-12-15.jpg]
[www.techfest.org/national/Free Press Journal 16 July Page 3.png]
[www.techfest.org/national/Gulf News  20 August.png]
[www.techfest.org/national/Hindustan TImes 15 July Page 21.png]
[www.techfest.org/national/Hindustan Times_Mumbai_P-4_26-12-15.jpg]
[www.techfest.org/national/Hindustan Times_Mumbai_P-6_28-12-15.jpg]
[www.techfest.org/national/Maharashtra Times(MT)_Mumbai_P-I_26-12-15.jpg]
[www.techfest.org/national/Maharashtra Times_Mumbai_P-4_26-12-15.jpg]
[www.techfest.org/national/Mumbai Mirror_Mumbai_P-13_28-12-15.jpg]
[www.techfest.org/national/Navbharat 1.jpg]
[www.techfest.org/national/Navbharat 4.jpg]
[www.techfest.org/national/Navbharat Times_Mumbai_P-6_31-12-15.jpg]
[www.techfest.org/national/Pudhari Exhibitions.jpg]
[www.techfest.org/national/Sakaal Times 05-10-15.jpg]
[www.techfest.org/national/Sakal_Mumbai_P-4_27-12-15.jpg]
[www.techfest.org/national/TAA IRC 02-09.png]
[www.techfest.org/national/Tarun Bharat_Mumbai_P-1_28-12-15.jpg]
[www.techfest.org/national/The Times Of India_Mumbai_P-6_27-12-15-2.jpg]
[www.techfest.org/national/The Times Of India_Mumbai_P-7_28-12-15.jpg]
[www.techfest.org/national/The Times Of India_Mumbai_P-12_26-12-15.jpg]
[www.techfest.org/national/The Free Press Journal_Mumbai.jpg]
[www.techfest.org/national/Hindustan Times_Mumbai.jpg]
[www.techfest.org/international/Bangladesh PR Zoom IN.jpg]
[www.techfest.org/international/Bangladesh PR.jpg]
[www.techfest.org/international/India West 15 January US.png]
[www.techfest.org/international/IRC Srilanka Article.jpg]
[www.techfest.org/international/IIT-Bombay-concludes-3-day-Techfest.jpg]
[www.techfest.org/national/Hindustan Times_Mumbai_P-4_27-12-15.jpg]
[www.techfest.org/national/MT 16-12.jpg]
[www.techfest.org/national/Prahar_Mumbai_P-2_26-12-15.jpg]
[www.techfest.org/international/US India-West.jpg]
[www.techfest.org/hospitality/register]
[www.techfest.org/img/sponsors/17/ola2.jpg]
[www.techfest.org/img/sponsors/17/mypit.png]
[www.techfest.org/img/sponsors/17/marine.png]
[www.techfest.org/img/sponsors/17/mah2.png]
[www.techfest.org/img/sponsors/17/breeze.png]
[www.techfest.org/img/sponsors/17/beatle.jpg]
[cdnjs.cloudflare.com/ajax/libs/font-awesome/4.3.0/css/font-awesome.min.css]
[maxcdn.bootstrapcdn.com/bootstrap/3.3.5/css/bootstrap.min.css]
[cdnjs.cloudflare.com/ajax/libs/jquery/2.1.3/jquery.min.js]
[www.techfest.org/fonts/GoodTimesRg-Regular.ttf]
[www.techfest.org/img/background.jpg]
[techfest.org/img/sponsors/17/jio.png]
[techfest.org/img/sponsors/17/rupay.png]
[techfest.org/img/sponsors/17/robomate.png]
[techfest.org/img/sponsors/17/upi.png]
[techfest.org/img/sponsors/17/toi.png]
[techfest.org/img/sponsors/17/cbi.png]
[techfest.org/img/sponsors/17/lyf.png]
[techfest.org/img/sponsors/17/mcent.png]
[techfest.org/img/sponsors/17/mahindra.jpg]
[techfest.org/img/sponsors/17/qube.png]
[techfest.org/img/sponsors/17/landt.png]
[techfest.org/img/sponsors/17/tata.png]
[techfest.org/img/sponsors/17/salesforce.jpg]
[techfest.org/img/sponsors/17/smart.png]
[techfest.org/img/sponsors/17/oracle.jpg]
[techfest.org/img/sponsors/17/robovr.png]
[techfest.org/img/sponsors/17/sap.jpg]
[techfest.org/img/sponsors/17/indigo.jpg]
[techfest.org/img/sponsors/17/pepsi.png]
[techfest.org/img/sponsors/17/british.jpg]
[techfest.org/img/sponsors/17/airindia.png]
[techfest.org/img/sponsors/17/virtusa.png]
[techfest.org/img/sponsors/17/safran.jpg]
[techfest.org/img/sponsors/17/alofrut.png]
[techfest.org/img/sponsors/17/cidco.jpg]
[techfest.org/img/sponsors/17/ff.png]
[techfest.org/img/sponsors/17/ansys.png]
[techfest.org/img/sponsors/17/ubi.png]
[techfest.org/img/sponsors/17/nice1.png]
[techfest.org/img/sponsors/17/aashirvaad.jpg]
[techfest.org/img/sponsors/17/ideas.png]
[techfest.org/img/sponsors/17/ms.png]
[techfest.org/img/sponsors/17/pb.png]
[techfest.org/img/sponsors/17/punjab.png]
[techfest.org/img/sponsors/17/lic.jpg]
[techfest.org/img/sponsors/17/eisystem.jpg]
[techfest.org/img/sponsors/17/dena.png]
[techfest.org/img/sponsors/17/rio.png]
[techfest.org/img/sponsors/17/unocoin.jpg]
[techfest.org/img/sponsors/17/ola.jpg]
[techfest.org/img/sponsors/17/mojo.jpg]
[techfest.org/img/sponsors/17/circlegaming.png]
[techfest.org/img/sponsors/17/techie.jpg]
[techfest.org/img/sponsors/17/inshorts.jpg]
[techfest.org/img/sponsors/17/sj.jpg]
[techfest.org/img/sponsors/17/redfm.jpg]
[techfest.org/img/sponsors/17/hospi_india.jpg]
[techfest.org/img/sponsors/17/swisnex.jpg]
[techfest.org/img/sponsors/17/holland.jpg]
[techfest.org/img/sponsors/17/daad.jpg]
[techfest.org/img/sponsors/17/cf.jpg]
[techfest.org/img/sponsors/17/eth.jpg]
[techfest.org/img/sponsors/17/nsdl.jpg]
[techfest.org/img/sponsors/17/hp.jpg]
[techfest.org/img/sponsors/17/ntpc.jpg]
[techfest.org/img/sponsors/17/harisson.jpg]
[techfest.org/img/sponsors/17/zebronics.png]
[techfest.org/img/sponsors/17/npav.jpg]
[techfest.org/img/sponsors/17/internshala.png]
[techfest.org/img/sponsors/17/wiley.png]
[techfest.org/img/sponsors/17/dlink.png]
[techfest.org/img/sponsors/17/bluedart.png]
[techfest.org/img/sponsors/17/kores.jpg]
[techfest.org/img/sponsors/17/soul.jpg]
[techfest.org/img/sponsors/17/tcf.jpg]
[techfest.org/img/sponsors/17/sbi.jpg]
[techfest.org/img/sponsors/bfonics.png]
[techfest.org/img/sponsors/17/baker.png]
[techfest.org/img/sponsors/17/box8.jpg]
[techfest.org/img/sponsors/17/dominos.jpg]
[techfest.org/img/sponsors/17/snickers.jpg]
[techfest.org/img/sponsors/17/bb.jpg]
[techfest.org/img/sponsors/17/faasos.jpg]
[techfest.org/img/sponsors/17/stuffed.jpg]
[techfest.org/img/sponsors/17/kwality.jpg]
[techfest.org/img/sponsors/17/doycare.jpg]
[techfest.org/img/sponsors/17/brothersb.jpg]
[techfest.org/img/sponsors/17/bar.jpg]
[techfest.org/img/sponsors/17/aqua.jpg]
[techfest.org/img/sponsors/17/breeze.jpg]
[techfest.org/img/sponsors/17/beatle1.jpg]
[techfest.org/img/sponsors/17/ambrosia.jpg]
[techfest.org/img/sponsors/17/colonel.png]
[techfest.org/img/sponsors/17/chef.png]
[techfest.org/img/sponsors/17/cinthol1.jpg]
[techfest.org/img/sponsors/17/startupjourney.png]
[techfest.org/img/sponsors/17/auto.jpg]
[techfest.org/img/sponsors/17/beingstudent.png]
[techfest.org/img/sponsors/17/cocobes.png]
[techfest.org/img/sponsors/17/logical.jpg]
[techfest.org/img/sponsors/17/ignite.png]
[techfest.org/img/sponsors/17/maharashtra.gif]
[techfest.org/img/sponsors/17/nbt.jpg]
[techfest.org/img/sponsors/17/redfm1.jpg]
[techfest.org/img/sponsors/17/stuffindia.gif]
[techfest.org/img/sponsors/17/TechGig.png]
[www.techfest.org/css/contactus.css]
[www.techfest.org/img/fb.svg]
[www.techfest.org/aprajit@techfest.org]
[www.techfest.org/img/extras/rocket.png]
[www.techfest.org/css//fonts/Myriad-Pro-Light-Italic_31637.ttf]
[www.techfest.org/fonts/Myriad-Pro.ttf]
[www.techfest.org/images/scrollbar/line.png]
[www.techfest.org/css/mCSB_buttons.png]
[techfest.org/img/coverpic.png]
[www.techfest.org/css/bootstrap.css]
[www.techfest.org/css/font-awesome.min.css]
[www.techfest.org/css/linea-icon.css]
[www.techfest.org/css/fancy-buttons.css]
[www.techfest.org/css/animate.css]
[www.techfest.org/css/jquery.vegas.css]
[www.techfest.org/css/baraja.css]
[www.techfest.org/css/jquery.bxslider.css]
[www.techfest.org/css/owl.carousel.css]
[www.techfest.org/css/owl.theme.css]
[www.techfest.org/css/style.css]
[www.techfest.org/css/responsive.css]
[www.techfest.org/css/schemes/gray.css]
[www.techfest.org/twmun_assets/images/logo.png]
[www.techfest.org/twmun_assets/images/Final.png]
[www.techfest.org/twmun_assets/images/ambs1.png]
[www.techfest.org/twmun_assets/images/aba.png]
[www.techfest.org/twmun_assets/images/1.jpg]
[www.techfest.org/twmun_assets/images/2.jpg]
[www.techfest.org/twmun_assets/images/3.jpg]
[www.techfest.org/twmun_assets/images/4.jpg]
[www.techfest.org/twmun_assets/images/5.jpg]
[www.techfest.org/twmun_assets/images/6.jpg]
[www.techfest.org/twmun_assets/images/7.jpg]
[www.techfest.org/twmun_assets/images/8.jpg]
[www.techfest.org/twmun_assets/images/9.jpg]
[www.techfest.org/twmun_assets/images/10.jpg]
[www.techfest.org/twmun_assets/images/11.jpg]
[www.techfest.org/twmun_assets/images/12.jpg]
[www.techfest.org/twmun_assets/images/note.png]
[www.techfest.org/twmun_assets/images/hospi1.jpg]
[www.techfest.org/twmun_assets/images/hospi2.jpg]
[www.techfest.org/twmun_assets/images/hospi3.jpg]
[www.techfest.org/twmun_assets/images/hospi4.jpg]
[www.techfest.org/twmun_assets/images/hospi5.jpg]
[www.techfest.org/twmun_assets/js/jquery-1.11.1.min.js]
[www.techfest.org/twmun_assets/js/bootstrap.min.js]
[www.techfest.org/twmun_assets/js/bootstrapValidator.min.js]
[www.techfest.org/twmun_assets/js/modernizr.js]
[www.techfest.org/twmun_assets/js/jquery.easing.1.3.js]
[www.techfest.org/twmun_assets/js/jquery.baraja.js]
[www.techfest.org/twmun_assets/js/jquery.vegas.min.js]
[www.techfest.org/twmun_assets/js/jquery.bxslider.min.js]
[www.techfest.org/twmun_assets/js/owl.carousel.js]
[www.techfest.org/twmun_assets/js/jquery.ajaxchimp.min.js]
[www.techfest.org/twmun_assets/js/jquery.nicescroll.min.js]
[www.techfest.org/twmun_assets/js/jquery.nav.js]
[www.techfest.org/twmun_assets/js/jquery.appear.js]
[www.techfest.org/twmun_assets/js/jquery.fitvids.js]
[www.techfest.org/twmun_assets/js/custom.js]
[www.techfest.org/img/airindia.png]
[www.techfest.org/register/GET]
[www.techfest.org/summit_assets/fonts/glyphicons-halflings-regular.eot]
[www.techfest.org/summit_assets/fonts/glyphicons-halflings-regulard41dd41d.eot]
[www.techfest.org/summit_assets/fonts/glyphicons-halflings-regular.woff]
[www.techfest.org/summit_assets/fonts/glyphicons-halflings-regular.ttf]
[www.techfest.org/summit_assets/fonts/glyphicons-halflings-regular.svg]
[www.techfest.org/summit_assets/fonts/fontawesome-webfont78ce78ce.eot]
[www.techfest.org/summit_assets/fonts/fontawesome-webfontd41dd41d.eot]
[www.techfest.org/summit_assets/fonts/fontawesome-webfont78ce78ce.woff]
[www.techfest.org/summit_assets/fonts/fontawesome-webfont78ce78ce.ttf]
[www.techfest.org/summit_assets/fonts/fontawesome-webfont78ce78ce.svg]
[www.techfest.org/www.wpfreeware.com/themes/html/singlepro/css/ajax-loader.html]
[www.techfest.org/summit_assets/img/prev_icon.png]
[www.techfest.org/summit_assets/img/next_icon.png]
[www.techfest.org/www.wpfreeware.com/themes/html/singlepro/images/loading.html]
[www.techfest.org/summit_assets/img/nav.png]
[www.techfest.org/summit_assets/css/img/status.gif]
[www.techfest.org/summit_assets/css/img/skills_bg.jpg]
[www.techfest.org/summit_assets/css/img/works_counterbg.jpg]
[www.techfest.org/summit_assets/css/img/testimonial-arrow.png]
[www.techfest.org/img/competitions/technorio2.jpg]
